[2024-06-24T12:54:40.596+0200][gc,init] CardTable entry size: 512
[2024-06-24T12:54:40.596+0200][gc     ] Using G1
[2024-06-24T12:54:40.602+0200][gc,init] Version: 19.0.2+7-44 (release)
[2024-06-24T12:54:40.602+0200][gc,init] CPUs: 12 total, 12 available
[2024-06-24T12:54:40.602+0200][gc,init] Memory: 16384M
[2024-06-24T12:54:40.602+0200][gc,init] Large Page Support: Disabled
[2024-06-24T12:54:40.602+0200][gc,init] NUMA Support: Disabled
[2024-06-24T12:54:40.602+0200][gc,init] Compressed Oops: Enabled (Zero based)
[2024-06-24T12:54:40.602+0200][gc,init] Heap Region Size: 1M
[2024-06-24T12:54:40.602+0200][gc,init] Heap Min Capacity: 1G
[2024-06-24T12:54:40.602+0200][gc,init] Heap Initial Capacity: 1G
[2024-06-24T12:54:40.602+0200][gc,init] Heap Max Capacity: 1G
[2024-06-24T12:54:40.602+0200][gc,init] Pre-touch: Disabled
[2024-06-24T12:54:40.602+0200][gc,init] Parallel Workers: 10
[2024-06-24T12:54:40.602+0200][gc,init] Concurrent Workers: 3
[2024-06-24T12:54:40.602+0200][gc,init] Concurrent Refinement Workers: 10
[2024-06-24T12:54:40.602+0200][gc,init] Periodic GC: Disabled
[2024-06-24T12:54:40.602+0200][gc,metaspace] CDS archive(s) mapped at: [0x0000000800000000-0x0000000800c44000-0x0000000800c44000), size 12861440, SharedBaseAddress: 0x0000000800000000, ArchiveRelocationMode: 0.
[2024-06-24T12:54:40.602+0200][gc,metaspace] Compressed class space mapped at: 0x0000000801000000-0x0000000841000000, reserved size: 1073741824
[2024-06-24T12:54:40.602+0200][gc,metaspace] Narrow klass base: 0x0000000800000000, Narrow klass shift: 0, Narrow klass range: 0x100000000
[2024-06-24T12:54:42.097+0200][gc,start    ] GC(0) Pause Young (Normal) (G1 Evacuation Pause)
[2024-06-24T12:54:42.097+0200][gc,task     ] GC(0) Using 10 workers of 10 for evacuation
[2024-06-24T12:54:42.101+0200][gc,phases   ] GC(0)   Pre Evacuate Collection Set: 0,1ms
[2024-06-24T12:54:42.101+0200][gc,phases   ] GC(0)   Merge Heap Roots: 0,1ms
[2024-06-24T12:54:42.101+0200][gc,phases   ] GC(0)   Evacuate Collection Set: 3,2ms
[2024-06-24T12:54:42.101+0200][gc,phases   ] GC(0)   Post Evacuate Collection Set: 0,6ms
[2024-06-24T12:54:42.101+0200][gc,phases   ] GC(0)   Other: 0,5ms
[2024-06-24T12:54:42.101+0200][gc,heap     ] GC(0) Eden regions: 51->0(44)
[2024-06-24T12:54:42.101+0200][gc,heap     ] GC(0) Survivor regions: 0->7(7)
[2024-06-24T12:54:42.101+0200][gc,heap     ] GC(0) Old regions: 0->1
[2024-06-24T12:54:42.101+0200][gc,heap     ] GC(0) Archive regions: 2->2
[2024-06-24T12:54:42.101+0200][gc,heap     ] GC(0) Humongous regions: 0->0
[2024-06-24T12:54:42.101+0200][gc,metaspace] GC(0) Metaspace: 18983K(19264K)->18983K(19264K) NonClass: 16811K(16960K)->16811K(16960K) Class: 2171K(2304K)->2171K(2304K)
[2024-06-24T12:54:42.102+0200][gc          ] GC(0) Pause Young (Normal) (G1 Evacuation Pause) 51M->8M(1024M) 4,596ms
[2024-06-24T12:54:42.102+0200][gc,cpu      ] GC(0) User=0,01s Sys=0,01s Real=0,01s
[2024-06-24T12:54:42.347+0200][gc,start    ] GC(1) Pause Young (Concurrent Start) (Metadata GC Threshold)
[2024-06-24T12:54:42.348+0200][gc,task     ] GC(1) Using 10 workers of 10 for evacuation
[2024-06-24T12:54:42.353+0200][gc,phases   ] GC(1)   Pre Evacuate Collection Set: 0,1ms
[2024-06-24T12:54:42.353+0200][gc,phases   ] GC(1)   Merge Heap Roots: 0,1ms
[2024-06-24T12:54:42.353+0200][gc,phases   ] GC(1)   Evacuate Collection Set: 5,0ms
[2024-06-24T12:54:42.353+0200][gc,phases   ] GC(1)   Post Evacuate Collection Set: 0,4ms
[2024-06-24T12:54:42.353+0200][gc,phases   ] GC(1)   Other: 0,1ms
[2024-06-24T12:54:42.353+0200][gc,heap     ] GC(1) Eden regions: 9->0(50)
[2024-06-24T12:54:42.353+0200][gc,heap     ] GC(1) Survivor regions: 7->1(7)
[2024-06-24T12:54:42.353+0200][gc,heap     ] GC(1) Old regions: 1->8
[2024-06-24T12:54:42.353+0200][gc,heap     ] GC(1) Archive regions: 2->2
[2024-06-24T12:54:42.353+0200][gc,heap     ] GC(1) Humongous regions: 0->0
[2024-06-24T12:54:42.353+0200][gc,metaspace] GC(1) Metaspace: 21301K(21504K)->21301K(21504K) NonClass: 18836K(18944K)->18836K(18944K) Class: 2465K(2560K)->2465K(2560K)
[2024-06-24T12:54:42.353+0200][gc          ] GC(1) Pause Young (Concurrent Start) (Metadata GC Threshold) 17M->8M(1024M) 5,924ms
[2024-06-24T12:54:42.353+0200][gc,cpu      ] GC(1) User=0,02s Sys=0,02s Real=0,01s
[2024-06-24T12:54:42.354+0200][gc          ] GC(2) Concurrent Mark Cycle
[2024-06-24T12:54:42.354+0200][gc,marking  ] GC(2) Concurrent Clear Claimed Marks
[2024-06-24T12:54:42.354+0200][gc,marking  ] GC(2) Concurrent Clear Claimed Marks 0,018ms
[2024-06-24T12:54:42.354+0200][gc,marking  ] GC(2) Concurrent Scan Root Regions
[2024-06-24T12:54:42.355+0200][gc,marking  ] GC(2) Concurrent Scan Root Regions 1,789ms
[2024-06-24T12:54:42.355+0200][gc,marking  ] GC(2) Concurrent Mark
[2024-06-24T12:54:42.355+0200][gc,marking  ] GC(2) Concurrent Mark From Roots
[2024-06-24T12:54:42.355+0200][gc,task     ] GC(2) Using 3 workers of 3 for marking
[2024-06-24T12:54:42.356+0200][gc,marking  ] GC(2) Concurrent Mark From Roots 0,757ms
[2024-06-24T12:54:42.356+0200][gc,marking  ] GC(2) Concurrent Preclean
[2024-06-24T12:54:42.356+0200][gc,marking  ] GC(2) Concurrent Preclean 0,019ms
[2024-06-24T12:54:42.356+0200][gc,start    ] GC(2) Pause Remark
[2024-06-24T12:54:42.358+0200][gc          ] GC(2) Pause Remark 9M->9M(1024M) 1,350ms
[2024-06-24T12:54:42.358+0200][gc,cpu      ] GC(2) User=0,01s Sys=0,00s Real=0,00s
[2024-06-24T12:54:42.358+0200][gc,marking  ] GC(2) Concurrent Mark 2,419ms
[2024-06-24T12:54:42.358+0200][gc,marking  ] GC(2) Concurrent Rebuild Remembered Sets
[2024-06-24T12:54:42.360+0200][gc,marking  ] GC(2) Concurrent Rebuild Remembered Sets 1,812ms
[2024-06-24T12:54:42.360+0200][gc,start    ] GC(2) Pause Cleanup
[2024-06-24T12:54:42.360+0200][gc          ] GC(2) Pause Cleanup 9M->9M(1024M) 0,123ms
[2024-06-24T12:54:42.360+0200][gc,cpu      ] GC(2) User=0,00s Sys=0,00s Real=0,00s
[2024-06-24T12:54:42.360+0200][gc,marking  ] GC(2) Concurrent Cleanup for Next Mark
[2024-06-24T12:54:42.365+0200][gc,marking  ] GC(2) Concurrent Cleanup for Next Mark 4,914ms
[2024-06-24T12:54:42.365+0200][gc          ] GC(2) Concurrent Mark Cycle 11,516ms
[2024-06-24T12:54:43.182+0200][gc,start    ] GC(3) Pause Young (Normal) (G1 Evacuation Pause)
[2024-06-24T12:54:43.182+0200][gc,task     ] GC(3) Using 10 workers of 10 for evacuation
[2024-06-24T12:54:43.185+0200][gc,phases   ] GC(3)   Pre Evacuate Collection Set: 0,2ms
[2024-06-24T12:54:43.185+0200][gc,phases   ] GC(3)   Merge Heap Roots: 0,1ms
[2024-06-24T12:54:43.185+0200][gc,phases   ] GC(3)   Evacuate Collection Set: 2,5ms
[2024-06-24T12:54:43.185+0200][gc,phases   ] GC(3)   Post Evacuate Collection Set: 0,5ms
[2024-06-24T12:54:43.185+0200][gc,phases   ] GC(3)   Other: 0,1ms
[2024-06-24T12:54:43.185+0200][gc,heap     ] GC(3) Eden regions: 50->0(45)
[2024-06-24T12:54:43.185+0200][gc,heap     ] GC(3) Survivor regions: 1->6(7)
[2024-06-24T12:54:43.185+0200][gc,heap     ] GC(3) Old regions: 8->8
[2024-06-24T12:54:43.185+0200][gc,heap     ] GC(3) Archive regions: 2->2
[2024-06-24T12:54:43.185+0200][gc,heap     ] GC(3) Humongous regions: 129->129
[2024-06-24T12:54:43.185+0200][gc,metaspace] GC(3) Metaspace: 33504K(33792K)->33504K(33792K) NonClass: 29920K(30080K)->29920K(30080K) Class: 3583K(3712K)->3583K(3712K)
[2024-06-24T12:54:43.185+0200][gc          ] GC(3) Pause Young (Normal) (G1 Evacuation Pause) 187M->142M(1024M) 3,432ms
[2024-06-24T12:54:43.185+0200][gc,cpu      ] GC(3) User=0,02s Sys=0,00s Real=0,00s
[2024-06-24T12:54:54.431+0200][gc,start    ] GC(4) Pause Young (Concurrent Start) (Metadata GC Threshold)
[2024-06-24T12:54:54.432+0200][gc,task     ] GC(4) Using 10 workers of 10 for evacuation
[2024-06-24T12:54:54.436+0200][gc,phases   ] GC(4)   Pre Evacuate Collection Set: 0,2ms
[2024-06-24T12:54:54.436+0200][gc,phases   ] GC(4)   Merge Heap Roots: 0,1ms
[2024-06-24T12:54:54.436+0200][gc,phases   ] GC(4)   Evacuate Collection Set: 3,2ms
[2024-06-24T12:54:54.436+0200][gc,phases   ] GC(4)   Post Evacuate Collection Set: 0,5ms
[2024-06-24T12:54:54.436+0200][gc,phases   ] GC(4)   Other: 0,1ms
[2024-06-24T12:54:54.436+0200][gc,heap     ] GC(4) Eden regions: 13->0(49)
[2024-06-24T12:54:54.436+0200][gc,heap     ] GC(4) Survivor regions: 6->2(7)
[2024-06-24T12:54:54.436+0200][gc,heap     ] GC(4) Old regions: 8->13
[2024-06-24T12:54:54.436+0200][gc,heap     ] GC(4) Archive regions: 2->2
[2024-06-24T12:54:54.436+0200][gc,heap     ] GC(4) Humongous regions: 129->129
[2024-06-24T12:54:54.436+0200][gc,metaspace] GC(4) Metaspace: 35646K(35968K)->35646K(35968K) NonClass: 31672K(31808K)->31672K(31808K) Class: 3974K(4160K)->3974K(4160K)
[2024-06-24T12:54:54.436+0200][gc          ] GC(4) Pause Young (Concurrent Start) (Metadata GC Threshold) 154M->143M(1024M) 4,513ms
[2024-06-24T12:54:54.436+0200][gc,cpu      ] GC(4) User=0,03s Sys=0,00s Real=0,00s
[2024-06-24T12:54:54.436+0200][gc          ] GC(5) Concurrent Mark Cycle
[2024-06-24T12:54:54.436+0200][gc,marking  ] GC(5) Concurrent Clear Claimed Marks
[2024-06-24T12:54:54.436+0200][gc,marking  ] GC(5) Concurrent Clear Claimed Marks 0,020ms
[2024-06-24T12:54:54.436+0200][gc,marking  ] GC(5) Concurrent Scan Root Regions
[2024-06-24T12:54:54.438+0200][gc,marking  ] GC(5) Concurrent Scan Root Regions 2,093ms
[2024-06-24T12:54:54.438+0200][gc,marking  ] GC(5) Concurrent Mark
[2024-06-24T12:54:54.438+0200][gc,marking  ] GC(5) Concurrent Mark From Roots
[2024-06-24T12:54:54.438+0200][gc,task     ] GC(5) Using 3 workers of 3 for marking
[2024-06-24T12:54:54.441+0200][gc,marking  ] GC(5) Concurrent Mark From Roots 3,401ms
[2024-06-24T12:54:54.442+0200][gc,marking  ] GC(5) Concurrent Preclean
[2024-06-24T12:54:54.442+0200][gc,marking  ] GC(5) Concurrent Preclean 0,050ms
[2024-06-24T12:54:54.442+0200][gc,start    ] GC(5) Pause Remark
[2024-06-24T12:54:54.443+0200][gc          ] GC(5) Pause Remark 144M->144M(1024M) 1,113ms
[2024-06-24T12:54:54.443+0200][gc,cpu      ] GC(5) User=0,01s Sys=0,00s Real=0,00s
[2024-06-24T12:54:54.443+0200][gc,marking  ] GC(5) Concurrent Mark 4,811ms
[2024-06-24T12:54:54.443+0200][gc,marking  ] GC(5) Concurrent Rebuild Remembered Sets
[2024-06-24T12:54:54.443+0200][gc,marking  ] GC(5) Concurrent Rebuild Remembered Sets 0,009ms
[2024-06-24T12:54:54.443+0200][gc,start    ] GC(5) Pause Cleanup
[2024-06-24T12:54:54.443+0200][gc          ] GC(5) Pause Cleanup 144M->144M(1024M) 0,028ms
[2024-06-24T12:54:54.443+0200][gc,cpu      ] GC(5) User=0,00s Sys=0,00s Real=0,00s
[2024-06-24T12:54:54.443+0200][gc,marking  ] GC(5) Concurrent Cleanup for Next Mark
[2024-06-24T12:54:54.455+0200][gc,marking  ] GC(5) Concurrent Cleanup for Next Mark 12,055ms
[2024-06-24T12:54:54.455+0200][gc          ] GC(5) Concurrent Mark Cycle 19,376ms
[2024-06-24T12:55:11.370+0200][gc,start    ] GC(6) Pause Young (Normal) (G1 Evacuation Pause)
[2024-06-24T12:55:11.371+0200][gc,task     ] GC(6) Using 10 workers of 10 for evacuation
[2024-06-24T12:55:11.374+0200][gc,phases   ] GC(6)   Pre Evacuate Collection Set: 0,1ms
[2024-06-24T12:55:11.374+0200][gc,phases   ] GC(6)   Merge Heap Roots: 0,1ms
[2024-06-24T12:55:11.374+0200][gc,phases   ] GC(6)   Evacuate Collection Set: 2,3ms
[2024-06-24T12:55:11.374+0200][gc,phases   ] GC(6)   Post Evacuate Collection Set: 0,7ms
[2024-06-24T12:55:11.374+0200][gc,phases   ] GC(6)   Other: 0,1ms
[2024-06-24T12:55:11.374+0200][gc,heap     ] GC(6) Eden regions: 49->0(47)
[2024-06-24T12:55:11.374+0200][gc,heap     ] GC(6) Survivor regions: 2->4(7)
[2024-06-24T12:55:11.374+0200][gc,heap     ] GC(6) Old regions: 13->13
[2024-06-24T12:55:11.374+0200][gc,heap     ] GC(6) Archive regions: 2->2
[2024-06-24T12:55:11.375+0200][gc,heap     ] GC(6) Humongous regions: 129->129
[2024-06-24T12:55:11.375+0200][gc,metaspace] GC(6) Metaspace: 41920K(42560K)->41920K(42560K) NonClass: 37065K(37376K)->37065K(37376K) Class: 4855K(5184K)->4855K(5184K)
[2024-06-24T12:55:11.375+0200][gc          ] GC(6) Pause Young (Normal) (G1 Evacuation Pause) 192M->146M(1024M) 4,226ms
[2024-06-24T12:55:11.375+0200][gc,cpu      ] GC(6) User=0,02s Sys=0,00s Real=0,00s
