[2024-06-24T12:53:59.840+0200][gc,init] CardTable entry size: 512
[2024-06-24T12:53:59.840+0200][gc     ] Using G1
[2024-06-24T12:53:59.843+0200][gc,init] Version: 19.0.2+7-44 (release)
[2024-06-24T12:53:59.843+0200][gc,init] CPUs: 12 total, 12 available
[2024-06-24T12:53:59.843+0200][gc,init] Memory: 16384M
[2024-06-24T12:53:59.843+0200][gc,init] Large Page Support: Disabled
[2024-06-24T12:53:59.843+0200][gc,init] NUMA Support: Disabled
[2024-06-24T12:53:59.843+0200][gc,init] Compressed Oops: Enabled (Zero based)
[2024-06-24T12:53:59.843+0200][gc,init] Heap Region Size: 1M
[2024-06-24T12:53:59.843+0200][gc,init] Heap Min Capacity: 512M
[2024-06-24T12:53:59.843+0200][gc,init] Heap Initial Capacity: 512M
[2024-06-24T12:53:59.843+0200][gc,init] Heap Max Capacity: 512M
[2024-06-24T12:53:59.843+0200][gc,init] Pre-touch: Disabled
[2024-06-24T12:53:59.843+0200][gc,init] Parallel Workers: 10
[2024-06-24T12:53:59.843+0200][gc,init] Concurrent Workers: 3
[2024-06-24T12:53:59.843+0200][gc,init] Concurrent Refinement Workers: 10
[2024-06-24T12:53:59.843+0200][gc,init] Periodic GC: Disabled
[2024-06-24T12:53:59.844+0200][gc,metaspace] CDS archive(s) mapped at: [0x0000000800000000-0x0000000800c44000-0x0000000800c44000), size 12861440, SharedBaseAddress: 0x0000000800000000, ArchiveRelocationMode: 0.
[2024-06-24T12:53:59.844+0200][gc,metaspace] Compressed class space mapped at: 0x0000000801000000-0x0000000841000000, reserved size: 1073741824
[2024-06-24T12:53:59.844+0200][gc,metaspace] Narrow klass base: 0x0000000800000000, Narrow klass shift: 0, Narrow klass range: 0x100000000
[2024-06-24T12:54:41.412+0200][gc,start    ] GC(0) Pause Young (Normal) (G1 Evacuation Pause)
[2024-06-24T12:54:41.413+0200][gc,task     ] GC(0) Using 10 workers of 10 for evacuation
[2024-06-24T12:54:41.420+0200][gc,phases   ] GC(0)   Pre Evacuate Collection Set: 0,1ms
[2024-06-24T12:54:41.420+0200][gc,phases   ] GC(0)   Merge Heap Roots: 0,1ms
[2024-06-24T12:54:41.420+0200][gc,phases   ] GC(0)   Evacuate Collection Set: 5,4ms
[2024-06-24T12:54:41.420+0200][gc,phases   ] GC(0)   Post Evacuate Collection Set: 0,7ms
[2024-06-24T12:54:41.420+0200][gc,phases   ] GC(0)   Other: 0,7ms
[2024-06-24T12:54:41.420+0200][gc,heap     ] GC(0) Eden regions: 25->0(21)
[2024-06-24T12:54:41.420+0200][gc,heap     ] GC(0) Survivor regions: 0->4(4)
[2024-06-24T12:54:41.420+0200][gc,heap     ] GC(0) Old regions: 0->3
[2024-06-24T12:54:41.420+0200][gc,heap     ] GC(0) Archive regions: 2->2
[2024-06-24T12:54:41.420+0200][gc,heap     ] GC(0) Humongous regions: 0->0
[2024-06-24T12:54:41.420+0200][gc,metaspace] GC(0) Metaspace: 8478K(8768K)->8478K(8768K) NonClass: 7579K(7744K)->7579K(7744K) Class: 899K(1024K)->899K(1024K)
[2024-06-24T12:54:41.420+0200][gc          ] GC(0) Pause Young (Normal) (G1 Evacuation Pause) 25M->7M(512M) 8,157ms
[2024-06-24T12:54:41.420+0200][gc,cpu      ] GC(0) User=0,02s Sys=0,03s Real=0,01s
